
 +---+---+---+---+---+---+---+---+
 | r | n | b | q | k | b | n | r | 8
 +---+---+---+---+---+---+---+---+
 | p | p | p | p | p | p | p | p | 7
 +---+---+---+---+---+---+---+---+
 |   |   |   |   |   |   |   |   | 6
 +---+---+---+---+---+---+---+---+
 |   |   |   |   |   |   |   |   | 5
 +---+---+---+---+---+---+---+---+
 |   |   |   |   |   |   |   |   | 4
 +---+---+---+---+---+---+---+---+
 |   |   |   |   |   |   |   |   | 3
 +---+---+---+---+---+---+---+---+
 | P | P | P | P | P | P | P | P | 2
 +---+---+---+---+---+---+---+---+
 | R | N | B | Q | K | B | N | R | 1
 +---+---+---+---+---+---+---+---+
   a   b   c   d   e   f   g   h

Fen: rnbqkbnr/pppppppp/8/8/8/8/PPPPPPPP/RNBQKBNR w KQkq - 0 1
Key: 8F8F01D4562F59FB

 +---+---+---+---+---+---+---+---+
 | r | n | b | q | k | b | n | r | 8
 +---+---+---+---+---+---+---+---+
 | p | p | p | p | p | p | p | p | 7
 +---+---+---+---+---+---+---+---+
 |   |   |   |   |   |   |   |   | 6
 +---+---+---+---+---+---+---+---+
 |   |   |   |   |   |   |   |   | 5
 +---+---+---+---+---+---+---+---+
 |   |   |   |   |   |   |   |   | 4
 +---+---+---+---+---+---+---+---+
 |   |   |   |   |   |   |   |   | 3
 +---+---+---+---+---+---+---+---+
 | P | P | P | P | P | P | P | P | 2
 +---+---+---+---+---+---+---+---+
 | R | N | B | Q | K | B | N | R | 1
 +---+---+---+---+---+---+---+---+
   a   b   c   d   e   f   g   h

Fen: rnbqkbnr/pppppppp/8/8/8/8/PPPPPPPP/RNBQKBNR w KQkq - 0 1
Key: 8F8F01D4562F59FB

 +---+---+---+---+---+---+---+---+
 | r | n | b | q | k | b | n | r | 8
 +---+---+---+---+---+---+---+---+
 | p | p | p | p | p | p | p | p | 7
 +---+---+---+---+---+---+---+---+
 |   |   |   |   |   |   |   |   | 6
 +---+---+---+---+---+---+---+---+
 |   |   |   |   |   |   |   |   | 5
 +---+---+---+---+---+---+---+---+
 |   |   |   |   |   |   |   |   | 4
 +---+---+---+---+---+---+---+---+
 |   |   |   |   |   |   |   |   | 3
 +---+---+---+---+---+---+---+---+
 | P | P | P | P | P | P | P | P | 2
 +---+---+---+---+---+---+---+---+
 | R | N | B | Q | K | B | N | R | 1
 +---+---+---+---+---+---+---+---+
   a   b   c   d   e   f   g   h

Fen: rnbqkbnr/pppppppp/8/8/8/8/PPPPPPPP/RNBQKBNR w KQkq - 0 1
Key: 8F8F01D4562F59FB
Unknown command: 'frobnicate'. Type help for more information.
info string NNUE evaluation using nn-0ee0657fb25e.nnue (106MiB, (83248, 1024, 32, 32, 1))
info depth 1 seldepth 2 multipv 1 score cp 12 nodes 20 hashfull 0 tbhits 0 pv d2d4
info depth 2 seldepth 3 multipv 1 score cp 33 nodes 47 hashfull 0 tbhits 0 pv d2d4
bestmove d2d4
