<engine banner>

 +---+---+---+---+---+---+---+---+
 |   |   |   |   |   |   |   |   | 8
 +---+---+---+---+---+---+---+---+
 |   |   |   |   |   |   |   |   | 7
 +---+---+---+---+---+---+---+---+
 |   |   |   |   |   |   |   |   | 6
 +---+---+---+---+---+---+---+---+
 |   |   |   |   |   |   |   |   | 5
 +---+---+---+---+---+---+---+---+
 |   |   |   |   |   |   |   |   | 4
 +---+---+---+---+---+---+---+---+
 |   |   |   |   |   |   |   |   | 3
 +---+---+---+---+---+---+---+---+
 |   |   |   |   |   |   |   |   | 2
 +---+---+---+---+---+---+---+---+
 | K |   |   |   |   |   |   | k | 1
 +---+---+---+---+---+---+---+---+
   a   b   c   d   e   f   g   h

Fen: 8/8/8/8/8/8/8/K6k w - - 0 1
Key: FA283BCD74ACE620
Checkers: 
info string CRITICAL ERROR: Command `position fen rnbqkbnr/pppppppp/8/8/8/8/PPPPPPPP/RNBQKBNR w -K - 0 1` failed. Reason: Invalid FEN. Invalid en-passant square.

exit=1
