<engine banner>

 +---+---+---+---+---+---+---+---+
 |   | n | b | b | n | r | k | r | 8
 +---+---+---+---+---+---+---+---+
 | p |   | p |   | q | p | p | p | 7
 +---+---+---+---+---+---+---+---+
 |   |   |   | p |   |   |   |   | 6
 +---+---+---+---+---+---+---+---+
 |   | p |   |   | p |   |   |   | 5
 +---+---+---+---+---+---+---+---+
 |   |   |   | P | P |   |   |   | 4
 +---+---+---+---+---+---+---+---+
 |   |   | N |   |   |   |   |   | 3
 +---+---+---+---+---+---+---+---+
 | P | P | P |   | Q | P | P | P | 2
 +---+---+---+---+---+---+---+---+
 |   | N | B | B | R |   | K | R | 1
 +---+---+---+---+---+---+---+---+
   a   b   c   d   e   f   g   h

Fen: 1nbbnrkr/p1p1qppp/3p4/1p2p3/3PP3/2N5/PPP1QPPP/1NBBR1KR w KQk - 4 9
Key: 8B9EBB0F3C71BC99
Checkers: 

 +---+---+---+---+---+---+---+---+
 |   |   |   |   | k |   |   |   | 8
 +---+---+---+---+---+---+---+---+
 |   |   |   |   |   |   |   |   | 7
 +---+---+---+---+---+---+---+---+
 |   |   |   |   |   |   |   |   | 6
 +---+---+---+---+---+---+---+---+
 |   |   |   | p | P |   |   |   | 5
 +---+---+---+---+---+---+---+---+
 |   |   |   |   |   |   |   |   | 4
 +---+---+---+---+---+---+---+---+
 |   |   |   |   |   |   |   |   | 3
 +---+---+---+---+---+---+---+---+
 |   |   |   |   |   |   |   |   | 2
 +---+---+---+---+---+---+---+---+
 |   |   |   |   | K |   |   |   | 1
 +---+---+---+---+---+---+---+---+
   a   b   c   d   e   f   g   h

Fen: 4k3/8/8/3pP3/8/8/8/4K3 w - d6 0 2
Key: DF7A0861474FBD85
Checkers: 

 +---+---+---+---+---+---+---+---+
 |   |   |   |   |   |   |   |   | 8
 +---+---+---+---+---+---+---+---+
 |   |   |   |   |   |   |   |   | 7
 +---+---+---+---+---+---+---+---+
 |   |   |   |   |   |   |   |   | 6
 +---+---+---+---+---+---+---+---+
 | K |   | p | P |   |   |   | q | 5
 +---+---+---+---+---+---+---+---+
 |   |   |   |   |   |   |   |   | 4
 +---+---+---+---+---+---+---+---+
 |   |   |   |   |   |   |   |   | 3
 +---+---+---+---+---+---+---+---+
 |   |   |   |   |   |   |   |   | 2
 +---+---+---+---+---+---+---+---+
 |   |   |   |   |   |   |   | k | 1
 +---+---+---+---+---+---+---+---+
   a   b   c   d   e   f   g   h

Fen: 8/8/8/K1pP3q/8/8/8/7k w - - 0 2
Key: D4E34A747446369F
Checkers: 
info string CRITICAL ERROR: Command `position fen rnbqkbnr/pppppppp/8/8/8/8/PPPPPPPP/RNBQKBNR w KQkq e3 0 1` failed. Reason: Invalid FEN. Invalid en-passant square.

exit=1
