<engine banner>
info string Available processors: <cpus>
info string Using 1 thread
info string NNUE evaluation using nn-ab28990d4ea3.nnue (109MiB, (86896, 1024, 32, 32, 1))
info string Network replica 1: <backing>
info depth 1 seldepth 2 multipv 1 score cp 15 nodes 20 hashfull 0 tbhits 0 pv d2d4
bestmove d2d4
info string Available processors: <cpus>
info string Using 1 thread
info string CRITICAL ERROR: Command `go depth 3000000000` failed. Reason: Invalid argument for 'depth'

exit=1
