<engine banner>

 +---+---+---+---+---+---+---+---+
 | r | n | b | q | k | b | n | r | 8
 +---+---+---+---+---+---+---+---+
 | p | p | p | p | p | p | p | p | 7
 +---+---+---+---+---+---+---+---+
 |   |   |   |   |   |   |   |   | 6
 +---+---+---+---+---+---+---+---+
 |   |   |   |   |   |   |   |   | 5
 +---+---+---+---+---+---+---+---+
 |   |   |   |   |   |   |   |   | 4
 +---+---+---+---+---+---+---+---+
 |   |   |   |   |   |   |   |   | 3
 +---+---+---+---+---+---+---+---+
 | P | P | P | P | P | P | P | P | 2
 +---+---+---+---+---+---+---+---+
 | R | N | B | Q | K | B | N | R | 1
 +---+---+---+---+---+---+---+---+
   a   b   c   d   e   f   g   h

Fen: rnbqkbnr/pppppppp/8/8/8/8/PPPPPPPP/RNBQKBNR w KQkq - 13 1
Key: 8F8F01D4562F59FB
Checkers: 

 +---+---+---+---+---+---+---+---+
 | r | n | b | q | k | b | n | r | 8
 +---+---+---+---+---+---+---+---+
 | p | p | p | p | p | p | p | p | 7
 +---+---+---+---+---+---+---+---+
 |   |   |   |   |   |   |   |   | 6
 +---+---+---+---+---+---+---+---+
 |   |   |   |   |   |   |   |   | 5
 +---+---+---+---+---+---+---+---+
 |   |   |   |   |   |   |   |   | 4
 +---+---+---+---+---+---+---+---+
 |   |   |   |   |   |   |   |   | 3
 +---+---+---+---+---+---+---+---+
 | P | P | P | P | P | P | P | P | 2
 +---+---+---+---+---+---+---+---+
 | R | N | B | Q | K | B | N | R | 1
 +---+---+---+---+---+---+---+---+
   a   b   c   d   e   f   g   h

Fen: rnbqkbnr/pppppppp/8/8/8/8/PPPPPPPP/RNBQKBNR w KQkq - 14 1
Key: 9B8A7AAAA148D8B4
Checkers: 

 +---+---+---+---+---+---+---+---+
 | r | n | b | q | k | b | n | r | 8
 +---+---+---+---+---+---+---+---+
 | p | p | p | p | p | p | p | p | 7
 +---+---+---+---+---+---+---+---+
 |   |   |   |   |   |   |   |   | 6
 +---+---+---+---+---+---+---+---+
 |   |   |   |   |   |   |   |   | 5
 +---+---+---+---+---+---+---+---+
 |   |   |   |   |   |   |   |   | 4
 +---+---+---+---+---+---+---+---+
 |   |   |   |   |   |   |   |   | 3
 +---+---+---+---+---+---+---+---+
 | P | P | P | P | P | P | P | P | 2
 +---+---+---+---+---+---+---+---+
 | R | N | B | Q | K | B | N | R | 1
 +---+---+---+---+---+---+---+---+
   a   b   c   d   e   f   g   h

Fen: rnbqkbnr/pppppppp/8/8/8/8/PPPPPPPP/RNBQKBNR w KQkq - 999 1
Key: 0CEACC969514C215
Checkers: 
exit=0
