<engine banner>
info string Available processors: <cpus>
info string Using 1 thread
info string NNUE evaluation using nn-1a298aa575a0.nnue (109MiB, (86896, 1024, 32, 32, 1))
info string Network replica 1: <backing>
info depth 1 seldepth 2 multipv 1 score cp 22 nodes 20 hashfull 0 tbhits 0 pv d2d4
info depth 2 seldepth 3 multipv 1 score cp 21 nodes 148 hashfull 0 tbhits 0 pv e2e4
info depth 3 seldepth 5 multipv 1 score cp 16 nodes 1128 hashfull 0 tbhits 0 pv e2e4 g8f6 b1c3
info depth 4 seldepth 5 multipv 1 score cp 17 nodes 1262 hashfull 0 tbhits 0 pv e2e4 c7c6
info depth 5 seldepth 7 multipv 1 score cp 14 nodes 1692 hashfull 0 tbhits 0 pv e2e4 c7c6 g1f3 d7d5 e4d5 c6d5
info depth 6 seldepth 9 multipv 1 score cp 22 nodes 2282 hashfull 0 tbhits 0 pv e2e4 d7d5 e4d5 d8d5
info depth 7 seldepth 10 multipv 1 score cp 19 nodes 2594 hashfull 0 tbhits 0 pv e2e4 c7c5 g1f3 b8c6 b1c3 a7a6 d2d4 c5d4
bestmove e2e4 ponder c7c5
info string Available processors: <cpus>
info string Using 1 thread
info string NNUE evaluation using nn-1a298aa575a0.nnue (109MiB, (86896, 1024, 32, 32, 1))
info string Network replica 1: <backing>
info depth 1 seldepth 2 multipv 1 score mate 1 nodes 16 hashfull 0 tbhits 0 pv a1a8
info depth 2 seldepth 2 multipv 1 score mate 1 nodes 32 hashfull 0 tbhits 0 pv a1a8
info depth 3 seldepth 2 multipv 1 score mate 1 nodes 48 hashfull 0 tbhits 0 pv a1a8
info depth 4 seldepth 2 multipv 1 score mate 1 nodes 64 hashfull 0 tbhits 0 pv a1a8
info depth 5 seldepth 2 multipv 1 score mate 1 nodes 80 hashfull 0 tbhits 0 pv a1a8
bestmove a1a8
info string Available processors: <cpus>
info string Using 1 thread
info string NNUE evaluation using nn-1a298aa575a0.nnue (109MiB, (86896, 1024, 32, 32, 1))
info string Network replica 1: <backing>
info depth 1 seldepth 5 multipv 1 score cp 15 nodes 19 hashfull 0 tbhits 0 pv e4g6 d5f7 g6f7 e8f7
info depth 2 seldepth 5 multipv 1 score cp 5 nodes 140 hashfull 0 tbhits 0 pv e4d5 e8d8
info depth 3 seldepth 4 multipv 1 score cp -4 nodes 221 hashfull 0 tbhits 0 pv e4d5 e8d8 d5b3
info depth 4 seldepth 5 multipv 1 score cp -1 nodes 384 hashfull 0 tbhits 0 pv e4d5 e8e7
info depth 5 seldepth 6 multipv 1 score cp 0 nodes 569 hashfull 0 tbhits 0 pv e4d5 e8e7 e1d2 e7d8
info depth 6 seldepth 7 multipv 1 score cp 0 nodes 852 hashfull 0 tbhits 0 pv e4d5 e8f8 e1d2 f8g7
bestmove e4d5 ponder e8f8
info string Available processors: <cpus>
info string Using 1 thread
info string NNUE evaluation using nn-1a298aa575a0.nnue (109MiB, (86896, 1024, 32, 32, 1))
info string Network replica 1: <backing>
info depth 0 score mate 0
bestmove (none)
exit=0
